\BOOKMARK [1][-]{section.0.1}{\376\377\230\171\166\356\151\202\217\360}{}% 1
\BOOKMARK [2][-]{subsection.0.1.1}{\376\377\230\171\166\356\200\314\146\157}{section.0.1}% 2
\BOOKMARK [2][-]{subsection.0.1.2}{\376\377\230\171\166\356\173\200\116\313}{section.0.1}% 3
\BOOKMARK [1][-]{section.0.2}{\376\377\127\372\147\054\164\006\213\272}{}% 4
\BOOKMARK [2][-]{subsection.0.2.1}{\376\377\140\340\146\364\145\257\000\040\000-\000\040\203\362\155\205\200\063\123\237\164\006}{section.0.2}% 5
\BOOKMARK [2][-]{subsection.0.2.2}{\376\377\131\053\164\005\171\276\215\071\210\115\134\004\127\372\170\100}{section.0.2}% 6
\BOOKMARK [2][-]{subsection.0.2.3}{\376\377\123\125\177\035\131\053\164\005\171\276\215\071\210\115\134\004}{section.0.2}% 7
\BOOKMARK [2][-]{subsection.0.2.4}{\376\377\131\032\177\035\136\162\155\211\123\237\164\006}{section.0.2}% 8
\BOOKMARK [2][-]{subsection.0.2.5}{\376\377\121\111\150\005\210\115\134\004\116\016\177\072\176\247\163\260\214\141}{section.0.2}% 9
\BOOKMARK [2][-]{subsection.0.2.6}{\376\377\121\111\150\005\123\112\211\322\133\275\136\246\116\016\202\162\122\006\217\250\147\054\230\206}{section.0.2}% 10
\BOOKMARK [1][-]{section.0.3}{\376\377\133\236\232\214\116\016\116\377\167\037\213\276\213\241}{}% 11
\BOOKMARK [2][-]{subsection.0.3.1}{\376\377\121\111\150\005\210\115\134\004\116\377\167\037\213\276\213\241}{section.0.3}% 12
\BOOKMARK [2][-]{subsection.0.3.2}{\376\377\210\115\134\004\163\260\214\141\232\214\213\301\133\236\232\214}{section.0.3}% 13
\BOOKMARK [1][-]{section.0.4}{\376\377\211\306\230\221\213\276\213\241\116\016\124\110\163\260}{}% 14
\BOOKMARK [2][-]{subsection.0.4.1}{\376\377\211\306\230\221\176\323\147\204\213\276\213\241}{section.0.4}% 15
\BOOKMARK [2][-]{subsection.0.4.2}{\376\377\122\066\117\134\135\345\121\167}{section.0.4}% 16
\BOOKMARK [2][-]{subsection.0.4.3}{\376\377\122\250\165\073\133\236\163\260}{section.0.4}% 17
\BOOKMARK [2][-]{subsection.0.4.4}{\376\377\131\032\132\222\117\123\175\040\147\120\145\164\124\010}{section.0.4}% 18
\BOOKMARK [1][-]{section.0.5}{\376\377\122\033\145\260\160\271\116\016\140\073\176\323}{}% 19
\BOOKMARK [2][-]{subsection.0.5.1}{\376\377\122\033\145\260\160\271}{section.0.5}% 20
\BOOKMARK [2][-]{subsection.0.5.2}{\376\377\140\073\176\323}{section.0.5}% 21
\BOOKMARK [1][-]{section.0.6}{\376\377\123\302\200\003\215\104\145\231}{}% 22
\BOOKMARK [1][-]{section*.56}{\376\377\226\104\116\366\0001\377\032\176\304\124\130\122\006\135\345}{}% 23
\BOOKMARK [1][-]{section*.58}{\376\377\226\104\116\366\0002\377\032\121\150\220\350\116\343\170\001}{}% 24
