\BOOKMARK [0][-]{chapter*.1}{\376\377\144\130\211\201}{}% 1
\BOOKMARK [0][-]{chapter.1}{\376\377\230\171\166\356\151\202\217\360}{}% 2
\BOOKMARK [1][-]{section.1.1}{\376\377\230\171\166\356\200\314\146\157}{chapter.1}% 3
\BOOKMARK [1][-]{section.1.2}{\376\377\230\171\166\356\173\200\116\313}{chapter.1}% 4
\BOOKMARK [0][-]{chapter.2}{\376\377\127\372\147\054\164\006\213\272}{}% 5
\BOOKMARK [1][-]{section.2.1}{\376\377\140\340\146\364\145\257\000-\203\362\155\205\200\063\123\237\164\006}{chapter.2}% 6
\BOOKMARK [1][-]{section.2.2}{\376\377\131\053\164\005\171\276\215\071\210\115\134\004\127\372\170\100}{chapter.2}% 7
\BOOKMARK [1][-]{section.2.3}{\376\377\123\125\177\035\131\053\164\005\171\276\215\071\210\115\134\004}{chapter.2}% 8
\BOOKMARK [2][-]{subsection.2.3.1}{\376\377\162\151\164\006\217\307\172\013}{section.2.3}% 9
\BOOKMARK [2][-]{subsection.2.3.2}{\376\377\121\111\137\072\121\154\137\017\143\250\133\374}{section.2.3}% 10
\BOOKMARK [2][-]{subsection.2.3.3}{\376\377\210\115\134\004\126\376\150\067\162\171\137\201}{section.2.3}% 11
\BOOKMARK [1][-]{section.2.4}{\376\377\131\032\177\035\136\162\155\211\123\237\164\006}{chapter.2}% 12
\BOOKMARK [2][-]{subsection.2.4.1}{\376\377\166\370\117\115\135\356\116\016\121\111\137\072\122\006\136\003}{section.2.4}% 13
\BOOKMARK [2][-]{subsection.2.4.2}{\376\377\136\162\155\211\116\073\147\201\131\047\116\016\121\111\150\005\145\271\172\013}{section.2.4}% 14
\BOOKMARK [2][-]{subsection.2.4.3}{\376\377\136\162\155\211\126\376\150\067\162\171\137\201}{section.2.4}% 15
\BOOKMARK [1][-]{section.2.5}{\376\377\121\111\150\005\210\115\134\004\116\016\177\072\176\247\163\260\214\141}{chapter.2}% 16
\BOOKMARK [2][-]{subsection.2.5.1}{\376\377\121\111\150\005\210\115\134\004\140\073\121\111\137\072}{section.2.5}% 17
\BOOKMARK [2][-]{subsection.2.5.2}{\376\377\177\072\176\247\163\260\214\141\166\204\142\020\126\340}{section.2.5}% 18
\BOOKMARK [1][-]{section.2.6}{\376\377\121\111\150\005\123\112\211\322\133\275\136\246\116\016\202\162\122\006\217\250\147\054\230\206}{chapter.2}% 19
\BOOKMARK [2][-]{subsection.2.6.1}{\376\377\123\112\211\322\133\275\136\246}{section.2.6}% 20
\BOOKMARK [2][-]{subsection.2.6.2}{\376\377\202\162\122\006\217\250\147\054\230\206}{section.2.6}% 21
\BOOKMARK [0][-]{chapter.3}{\376\377\133\236\232\214\116\016\116\377\167\037\213\276\213\241}{}% 22
\BOOKMARK [1][-]{section.3.1}{\376\377\121\111\150\005\210\115\134\004\116\377\167\037\213\276\213\241}{chapter.3}% 23
\BOOKMARK [2][-]{subsection.3.1.1}{\376\377\116\377\167\037\166\356\166\204}{section.3.1}% 24
\BOOKMARK [2][-]{subsection.3.1.2}{\376\377\116\377\167\037\135\345\121\167\116\016\163\257\130\203}{section.3.1}% 25
\BOOKMARK [2][-]{subsection.3.1.3}{\376\377\116\377\167\037\123\302\145\160\213\276\177\156}{section.3.1}% 26
\BOOKMARK [2][-]{subsection.3.1.4}{\376\377\116\377\167\037\155\101\172\013\116\016\145\271\150\110}{section.3.1}% 27
\BOOKMARK [2][-]{subsection.3.1.5}{\376\377\116\377\167\037\217\223\121\372\142\020\147\234}{section.3.1}% 28
\BOOKMARK [1][-]{section.3.2}{\376\377\210\115\134\004\163\260\214\141\232\214\213\301\133\236\232\214}{chapter.3}% 29
\BOOKMARK [2][-]{subsection.3.2.1}{\376\377\133\236\232\214\166\356\166\204}{section.3.2}% 30
\BOOKMARK [2][-]{subsection.3.2.2}{\376\377\133\236\232\214\126\150\147\120}{section.3.2}% 31
\BOOKMARK [2][-]{subsection.3.2.3}{\376\377\133\236\232\214\121\205\133\271\116\016\153\145\232\244}{section.3.2}% 32
\BOOKMARK [2][-]{subsection.3.2.4}{\376\377\133\236\232\214\145\160\143\156\116\016\213\357\135\356\122\006\147\220}{section.3.2}% 33
\BOOKMARK [0][-]{chapter.4}{\376\377\211\306\230\221\213\276\213\241\116\016\124\110\163\260}{}% 34
\BOOKMARK [1][-]{section.4.1}{\376\377\211\306\230\221\176\323\147\204\213\276\213\241}{chapter.4}% 35
\BOOKMARK [2][-]{subsection.4.1.1}{\376\377\137\000\173\307\137\025\121\145\377\032\131\047\126\375\221\315\126\150\116\016\121\111\150\005\116\367\120\074\377\010\0001\0005\000s\377\011}{section.4.1}% 36
\BOOKMARK [2][-]{subsection.4.1.2}{\376\377\123\206\123\362\156\257\156\220\377\032\131\053\164\005\171\276\215\071\116\016\121\111\150\005\123\321\134\125\377\010\0001\0003\000s\377\011}{section.4.1}% 37
\BOOKMARK [2][-]{subsection.4.1.3}{\376\377\123\237\164\006\142\306\211\343\377\032\116\316\123\125\177\035\210\115\134\004\122\060\121\111\150\005\210\115\134\004\377\010\0006\0002\000s\377\011}{section.4.1}% 38
\BOOKMARK [2][-]{subsection.4.1.4}{\376\377\162\171\140\047\213\262\211\343\377\032\177\072\176\247\060\001\123\112\211\322\133\275\136\246\116\016\122\006\217\250\147\054\230\206\377\010\0005\0008\000s\377\011}{section.4.1}% 39
\BOOKMARK [2][-]{subsection.4.1.5}{\376\377\136\224\165\050\123\107\123\116\377\032\131\047\126\375\221\315\126\150\116\055\166\204\121\111\150\005\142\200\147\057\377\010\0002\0005\000s\377\011}{section.4.1}% 40
\BOOKMARK [2][-]{subsection.4.1.6}{\376\377\176\323\134\076\116\222\122\250\377\032\154\211\155\170\137\017\117\123\232\214\137\025\133\374\377\010\145\066\134\076\377\011}{section.4.1}% 41
\BOOKMARK [1][-]{section.4.2}{\376\377\122\066\117\134\135\345\121\167}{chapter.4}% 42
\BOOKMARK [1][-]{section.4.3}{\376\377\122\250\165\073\133\236\163\260}{chapter.4}% 43
\BOOKMARK [2][-]{subsection.4.3.1}{\376\377\116\011\176\364\121\111\127\072\157\024\123\026\122\250\165\073}{section.4.3}% 44
\BOOKMARK [2][-]{subsection.4.3.2}{\376\377\116\214\176\364\210\115\134\004\121\111\215\357\122\250\165\073}{section.4.3}% 45
\BOOKMARK [2][-]{subsection.4.3.3}{\376\377\121\111\137\072\122\006\136\003\122\250\165\073}{section.4.3}% 46
\BOOKMARK [2][-]{subsection.4.3.4}{\376\377\121\154\137\017\143\250\133\374\122\250\165\073}{section.4.3}% 47
\BOOKMARK [2][-]{subsection.4.3.5}{\376\377\122\152\217\221\122\250\165\073}{section.4.3}% 48
\BOOKMARK [1][-]{section.4.4}{\376\377\131\032\132\222\117\123\175\040\147\120\145\164\124\010}{chapter.4}% 49
\BOOKMARK [2][-]{subsection.4.4.1}{\376\377\175\040\147\120\122\006\174\173\116\016\211\304\145\164}{section.4.4}% 50
\BOOKMARK [2][-]{subsection.4.4.2}{\376\377\122\152\217\221\202\202\131\117\142\212\143\247}{section.4.4}% 51
\BOOKMARK [2][-]{subsection.4.4.3}{\376\377\227\363\165\073\124\014\153\145\116\016\123\005\210\305\211\304\203\003}{section.4.4}% 52
\BOOKMARK [0][-]{chapter.5}{\376\377\122\033\145\260\160\271\116\016\140\073\176\323}{}% 53
\BOOKMARK [1][-]{section.5.1}{\376\377\122\033\145\260\160\271}{chapter.5}% 54
\BOOKMARK [2][-]{subsection.5.1.1}{\376\377\145\131\133\146\137\142\137\017\122\033\145\260\377\032\171\321\146\156\122\250\165\073\176\323\124\010\122\115\154\277\221\315\126\150\136\224\165\050}{section.5.1}% 55
\BOOKMARK [2][-]{subsection.5.1.2}{\376\377\121\205\133\271\213\276\213\241\122\033\145\260\377\032\127\372\170\100\123\237\164\006\122\060\135\345\172\013\136\224\165\050\166\204\220\022\217\333\124\110\163\260}{section.5.1}% 56
\BOOKMARK [2][-]{subsection.5.1.3}{\376\377\116\244\116\222\213\276\213\241\122\033\145\260\377\032\123\302\145\160\123\357\214\003\166\204\154\211\155\170\137\017\210\115\134\004\117\123\232\214}{section.5.1}% 57
\BOOKMARK [1][-]{section.5.2}{\376\377\140\073\176\323}{chapter.5}% 58
\BOOKMARK [0][-]{chapter.6}{\376\377\123\302\200\003\215\104\145\231}{}% 59
\BOOKMARK [0][-]{chapter*.19}{\376\377\226\104\116\366\0001\377\032\176\304\124\130\122\006\135\345}{}% 60
\BOOKMARK [0][-]{chapter*.21}{\376\377\226\104\116\366\0002\377\032\172\013\136\217\116\343\170\001\377\010\131\026\220\350\226\104\116\366\377\011}{}% 61
